// Jest Snapshot v1, https://goo.gl/fbAQLP

exports[`Tooltip Tooltip renders on mouseOver 1`] = `
<DocumentFragment>
  <div
    class="sc-ifAKCX bqyzQp"
  >
    <div
      class="sc-EHOje eQYihx"
      data-testid="kenobi-tooltip-trigger"
    >
      <div>
        Hello
      </div>
    </div>
  </div>
</DocumentFragment>
`;

exports[`Tooltip Tooltip renders with manual show 1`] = `
<DocumentFragment>
  <div
    class="sc-ifAKCX bqyzQp"
  >
    <div
      class="sc-EHOje eQYihx"
      data-testid="kenobi-tooltip-trigger"
    >
      <div>
        Hello
      </div>
    </div>
  </div>
</DocumentFragment>
`;
