// Jest Snapshot v1, https://goo.gl/fbAQLP

exports[`Popper renders children correctly 1`] = `
<DocumentFragment>
  <button
    class="sc-bwzfXH fokvxT"
    data-testid="kenobi-button"
  >
    <span
      class="sc-htpNat jeMNHo"
    >
      Inside Popper
    </span>
  </button>
</DocumentFragment>
`;
